// Jest Snapshot v1, https://goo.gl/fbAQLP

exports[`Pruebas en <FirstApp />  debe de hacer match con el snapshot 1`] = `
<div>
  <h1
    data-testid="test-title"
  >
     
    No hay título
     
  </h1>
  <p>
    cambios
  </p>
  <p>
    No hay subtítulo
  </p>
  <p>
    No hay subtítulo
  </p>
  <p>
    Fernando Herrera
  </p>
</div>
`;
